// Jest Snapshot v1, https://goo.gl/fbAQLP

exports[`renders basic button 1`] = `
.c1 {
  margin: unset;
  padding: unset;
  border: unset;
  background: unset;
  font: unset;
  font-family: inherit;
  font-size: 100%;
  box-sizing: border-box;
  background-color: unset;
  color: inherit;
}

.c0 .c2 {
  margin-left: 0;
}

<button
  className="c0 c1"
  size={1}
  style={
    Object {
      "size": 1,
    }
  }
>
  click
</button>
`;

exports[`renders large button 1`] = `
.c1 {
  margin: unset;
  padding: unset;
  border: unset;
  background: unset;
  font: unset;
  font-family: inherit;
  font-size: 100%;
  box-sizing: border-box;
  background-color: unset;
  color: inherit;
}

.c0 .c2 {
  margin-left: 0;
}

<button
  className="c0 c1"
  size={1}
  style={
    Object {
      "size": 1,
    }
  }
>
  click
</button>
`;
