// Jest Snapshot v1, https://goo.gl/fbAQLP

exports[`renders Paragraph without props 1`] = `
.c0 {
  font-family: 'Fira Sans',sans-serif;
  font-weight: normal;
  font-size: 16px;
  color: #222;
  line-height: 1.5;
  margin: 1rem 0;
}

.c0:first-child {
  margin-top: 0;
}

.c0:last-child {
  margin-bottom: 0;
}

<p
  className="c0"
/>
`;
